==========================================
Redis GET Copier 吞吐量和能耗测试
==========================================
测试开始时间: Thu Dec 18 01:04:43 AM CST 2025
数据大小: 4096 字节 (4K)
总数据量: 1GB (1073741824 字节)
请求数量: 262144
Copier CPU: 2
频率: 1.4 GHz
----------------------------------------
开始能耗: 67755180306 uJ
----------------------------------------
测试结果:
吞吐量: .335 GB/s
吞吐量 (requests/sec): 87938.27
实际传输数据量: 1073741824 字节 (1.000 GB)
请求数量: 262144
测试持续时间: 3.043450301 秒

能耗测量结果:
开始能耗: 67755180306 uJ
结束能耗: 67856518486 uJ
总能耗: 101338180 uJ (101.338180 J)
----------------------------------------
测试完成时间: Thu Dec 18 01:04:47 AM CST 2025
结果已保存到: ./results/get-copier-power/get-copier_4K_freq1.4g_20251218_010443.log

