==========================================
Redis GET Copier 吞吐量和能耗测试
==========================================
测试开始时间: Thu Dec 18 01:05:18 AM CST 2025
数据大小: 16384 字节 (16K)
总数据量: 1GB (1073741824 字节)
请求数量: 65536
Copier CPU: 2
频率: 1.6 GHz
----------------------------------------
开始能耗: 68603335971 uJ
----------------------------------------
测试结果:
吞吐量: .856 GB/s
吞吐量 (requests/sec): 56157.67
实际传输数据量: 1073741824 字节 (1.000 GB)
请求数量: 65536
测试持续时间: 1.226514967 秒

能耗测量结果:
开始能耗: 68603335971 uJ
结束能耗: 68643835501 uJ
总能耗: 40499530 uJ (40.499530 J)
----------------------------------------
测试完成时间: Thu Dec 18 01:05:20 AM CST 2025
结果已保存到: ./results/get-copier-power/get-copier_16K_freq1.6g_20251218_010518.log

