==========================================
Redis GET Copier 吞吐量和能耗测试
==========================================
测试开始时间: Thu Dec 18 01:07:25 AM CST 2025
数据大小: 1024 字节 (1K)
总数据量: 1GB (1073741824 字节)
请求数量: 1048576
Copier CPU: 2
频率: 3.0 GHz
----------------------------------------
开始能耗: 71763531433 uJ
----------------------------------------
测试结果:
吞吐量: .093 GB/s
吞吐量 (requests/sec): 97924.54
实际传输数据量: 1073741824 字节 (1.000 GB)
请求数量: 1048576
测试持续时间: 10.766145505 秒

能耗测量结果:
开始能耗: 71763531433 uJ
结束能耗: 72171990715 uJ
总能耗: 408459282 uJ (408.459282 J)
----------------------------------------
测试完成时间: Thu Dec 18 01:07:37 AM CST 2025
结果已保存到: ./results/get-copier-power/get-copier_1K_freq3.0g_20251218_010725.log

