==========================================
Redis GET Copier 吞吐量和能耗测试
==========================================
测试开始时间: Thu Dec 18 01:04:48 AM CST 2025
数据大小: 16384 字节 (16K)
总数据量: 1GB (1073741824 字节)
请求数量: 65536
Copier CPU: 2
频率: 1.4 GHz
----------------------------------------
开始能耗: 67879791315 uJ
----------------------------------------
测试结果:
吞吐量: .851 GB/s
吞吐量 (requests/sec): 55822.83
实际传输数据量: 1073741824 字节 (1.000 GB)
请求数量: 65536
测试持续时间: 1.235807911 秒

能耗测量结果:
开始能耗: 67879791315 uJ
结束能耗: 67922829657 uJ
总能耗: 43038342 uJ (43.038342 J)
----------------------------------------
测试完成时间: Thu Dec 18 01:04:50 AM CST 2025
结果已保存到: ./results/get-copier-power/get-copier_16K_freq1.4g_20251218_010448.log

