==========================================
Redis GET Copier 吞吐量和能耗测试
==========================================
测试开始时间: Thu Dec 18 01:04:52 AM CST 2025
数据大小: 65536 字节 (64K)
总数据量: 1GB (1073741824 字节)
请求数量: 16384
Copier CPU: 2
频率: 1.4 GHz
----------------------------------------
开始能耗: 67944742748 uJ
----------------------------------------
测试结果:
吞吐量: 1.602 GB/s
吞吐量 (requests/sec): 26256.41
实际传输数据量: 1073741824 字节 (1.000 GB)
请求数量: 16384
测试持续时间: .687558773 秒

能耗测量结果:
开始能耗: 67944742748 uJ
结束能耗: 67966516862 uJ
总能耗: 21774114 uJ (21.774114 J)
----------------------------------------
测试完成时间: Thu Dec 18 01:04:53 AM CST 2025
结果已保存到: ./results/get-copier-power/get-copier_64K_freq1.4g_20251218_010451.log

