==========================================
Redis GET Copier 吞吐量和能耗测试
==========================================
测试开始时间: Thu Dec 18 01:06:27 AM CST 2025
数据大小: 1024 字节 (1K)
总数据量: 1GB (1073741824 字节)
请求数量: 1048576
Copier CPU: 2
频率: 2.4 GHz
----------------------------------------
开始能耗: 70184590407 uJ
----------------------------------------
测试结果:
吞吐量: .093 GB/s
吞吐量 (requests/sec): 98300.93
实际传输数据量: 1073741824 字节 (1.000 GB)
请求数量: 1048576
测试持续时间: 10.727151867 秒

能耗测量结果:
开始能耗: 70184590407 uJ
结束能耗: 70571846557 uJ
总能耗: 387256150 uJ (387.256150 J)
----------------------------------------
测试完成时间: Thu Dec 18 01:06:38 AM CST 2025
结果已保存到: ./results/get-copier-power/get-copier_1K_freq2.4g_20251218_010626.log

