==========================================
Redis GET Copier 吞吐量和能耗测试
==========================================
测试开始时间: Thu Dec 18 01:05:21 AM CST 2025
数据大小: 65536 字节 (64K)
总数据量: 1GB (1073741824 字节)
请求数量: 16384
Copier CPU: 2
频率: 1.6 GHz
----------------------------------------
开始能耗: 68667213127 uJ
----------------------------------------
测试结果:
吞吐量: 1.607 GB/s
吞吐量 (requests/sec): 26340.84
实际传输数据量: 1073741824 字节 (1.000 GB)
请求数量: 16384
测试持续时间: .680580290 秒

能耗测量结果:
开始能耗: 68667213127 uJ
结束能耗: 68688592894 uJ
总能耗: 21379767 uJ (21.379767 J)
----------------------------------------
测试完成时间: Thu Dec 18 01:05:23 AM CST 2025
结果已保存到: ./results/get-copier-power/get-copier_64K_freq1.6g_20251218_010521.log

