==========================================
Redis GET Copier 吞吐量和能耗测试
==========================================
测试开始时间: Thu Dec 18 01:04:27 AM CST 2025
数据大小: 262144 字节 (256K)
总数据量: 1GB (1073741824 字节)
请求数量: 4096
Copier CPU: 2
频率: 1.2 GHz
----------------------------------------
开始能耗: 67305910826 uJ
----------------------------------------
测试结果:
吞吐量: 1.869 GB/s
吞吐量 (requests/sec): 7656.07
实际传输数据量: 1073741824 字节 (1.000 GB)
请求数量: 4096
测试持续时间: .596927967 秒

能耗测量结果:
开始能耗: 67305910826 uJ
结束能耗: 67323487258 uJ
总能耗: 17576432 uJ (17.576432 J)
----------------------------------------
测试完成时间: Thu Dec 18 01:04:28 AM CST 2025
结果已保存到: ./results/get-copier-power/get-copier_256K_freq1.2g_20251218_010427.log

