==========================================
Redis GET Copier 吞吐量和能耗测试
==========================================
测试开始时间: Thu Dec 18 01:04:22 AM CST 2025
数据大小: 65536 字节 (64K)
总数据量: 1GB (1073741824 字节)
请求数量: 16384
Copier CPU: 2
频率: 1.2 GHz
----------------------------------------
开始能耗: 67217895548 uJ
----------------------------------------
测试结果:
吞吐量: 1.579 GB/s
吞吐量 (requests/sec): 25883.10
实际传输数据量: 1073741824 字节 (1.000 GB)
请求数量: 16384
测试持续时间: .692733063 秒

能耗测量结果:
开始能耗: 67217895548 uJ
结束能耗: 67239713424 uJ
总能耗: 21817876 uJ (21.817876 J)
----------------------------------------
测试完成时间: Thu Dec 18 01:04:23 AM CST 2025
结果已保存到: ./results/get-copier-power/get-copier_64K_freq1.2g_20251218_010421.log

