==========================================
Redis GET Copier 吞吐量和能耗测试
==========================================
测试开始时间: Thu Dec 18 01:04:25 AM CST 2025
数据大小: 131072 字节 (128K)
总数据量: 1GB (1073741824 字节)
请求数量: 8192
Copier CPU: 2
频率: 1.2 GHz
----------------------------------------
开始能耗: 67263259018 uJ
----------------------------------------
测试结果:
吞吐量: 1.751 GB/s
吞吐量 (requests/sec): 14346.76
实际传输数据量: 1073741824 字节 (1.000 GB)
请求数量: 8192
测试持续时间: .627163362 秒

能耗测量结果:
开始能耗: 67263259018 uJ
结束能耗: 67282157041 uJ
总能耗: 18898023 uJ (18.898023 J)
----------------------------------------
测试完成时间: Thu Dec 18 01:04:26 AM CST 2025
结果已保存到: ./results/get-copier-power/get-copier_128K_freq1.2g_20251218_010424.log

