==========================================
Redis GET Copier 吞吐量和能耗测试
==========================================
测试开始时间: Thu Dec 18 01:07:55 AM CST 2025
数据大小: 1024 字节 (1K)
总数据量: 1GB (1073741824 字节)
请求数量: 1048576
Copier CPU: 2
频率: 3.3 GHz
----------------------------------------
开始能耗: 72579196521 uJ
----------------------------------------
测试结果:
吞吐量: .094 GB/s
吞吐量 (requests/sec): 99475.95
实际传输数据量: 1073741824 字节 (1.000 GB)
请求数量: 1048576
测试持续时间: 10.597688711 秒

能耗测量结果:
开始能耗: 72579196521 uJ
结束能耗: 72981403010 uJ
总能耗: 402206489 uJ (402.206489 J)
----------------------------------------
测试完成时间: Thu Dec 18 01:08:06 AM CST 2025
结果已保存到: ./results/get-copier-power/get-copier_1K_freq3.3g_20251218_010754.log

