==========================================
Redis GET Copier 吞吐量和能耗测试
==========================================
测试开始时间: Thu Dec 18 01:05:24 AM CST 2025
数据大小: 131072 字节 (128K)
总数据量: 1GB (1073741824 字节)
请求数量: 8192
Copier CPU: 2
频率: 1.6 GHz
----------------------------------------
开始能耗: 68712863401 uJ
----------------------------------------
测试结果:
吞吐量: 1.869 GB/s
吞吐量 (requests/sec): 15312.15
实际传输数据量: 1073741824 字节 (1.000 GB)
请求数量: 8192
测试持续时间: .595822791 秒

能耗测量结果:
开始能耗: 68712863401 uJ
结束能耗: 68730808667 uJ
总能耗: 17945266 uJ (17.945266 J)
----------------------------------------
测试完成时间: Thu Dec 18 01:05:25 AM CST 2025
结果已保存到: ./results/get-copier-power/get-copier_128K_freq1.6g_20251218_010524.log

