==========================================
Redis GET Copier 吞吐量和能耗测试
==========================================
测试开始时间: Thu Dec 18 01:04:00 AM CST 2025
数据大小: 1024 字节 (1K)
总数据量: 1GB (1073741824 字节)
请求数量: 1048576
Copier CPU: 2
频率: 1.2 GHz
----------------------------------------
开始能耗: 66626961392 uJ
----------------------------------------
测试结果:
吞吐量: .091 GB/s
吞吐量 (requests/sec): 95690.45
实际传输数据量: 1073741824 字节 (1.000 GB)
请求数量: 1048576
测试持续时间: 11.014950422 秒

能耗测量结果:
开始能耗: 66626961392 uJ
结束能耗: 66999972095 uJ
总能耗: 373010703 uJ (373.010703 J)
----------------------------------------
测试完成时间: Thu Dec 18 01:04:12 AM CST 2025
结果已保存到: ./results/get-copier-power/get-copier_1K_freq1.2g_20251218_010400.log

