==========================================
Redis GET Copier 吞吐量和能耗测试
==========================================
测试开始时间: Thu Dec 18 01:05:51 AM CST 2025
数据大小: 65536 字节 (64K)
总数据量: 1GB (1073741824 字节)
请求数量: 16384
Copier CPU: 2
频率: 1.8 GHz
----------------------------------------
开始能耗: 69382273491 uJ
----------------------------------------
测试结果:
吞吐量: 1.626 GB/s
吞吐量 (requests/sec): 26640.65
实际传输数据量: 1073741824 字节 (1.000 GB)
请求数量: 16384
测试持续时间: .676581267 秒

能耗测量结果:
开始能耗: 69382273491 uJ
结束能耗: 69403442199 uJ
总能耗: 21168708 uJ (21.168708 J)
----------------------------------------
测试完成时间: Thu Dec 18 01:05:52 AM CST 2025
结果已保存到: ./results/get-copier-power/get-copier_64K_freq1.8g_20251218_010550.log

