==========================================
Redis GET Copier 吞吐量和能耗测试
==========================================
测试开始时间: Thu Dec 18 01:05:42 AM CST 2025
数据大小: 4096 字节 (4K)
总数据量: 1GB (1073741824 字节)
请求数量: 262144
Copier CPU: 2
频率: 1.8 GHz
----------------------------------------
开始能耗: 69190980341 uJ
----------------------------------------
测试结果:
吞吐量: .335 GB/s
吞吐量 (requests/sec): 87879.31
实际传输数据量: 1073741824 字节 (1.000 GB)
请求数量: 262144
测试持续时间: 3.046686872 秒

能耗测量结果:
开始能耗: 69190980341 uJ
结束能耗: 69294111302 uJ
总能耗: 103130961 uJ (103.130961 J)
----------------------------------------
测试完成时间: Thu Dec 18 01:05:46 AM CST 2025
结果已保存到: ./results/get-copier-power/get-copier_4K_freq1.8g_20251218_010542.log

