==========================================
Redis GET Copier 吞吐量和能耗测试
==========================================
测试开始时间: Thu Dec 18 01:07:17 AM CST 2025
数据大小: 65536 字节 (64K)
总数据量: 1GB (1073741824 字节)
请求数量: 16384
Copier CPU: 2
频率: 2.8 GHz
----------------------------------------
开始能耗: 71607369358 uJ
----------------------------------------
测试结果:
吞吐量: 1.715 GB/s
吞吐量 (requests/sec): 28102.92
实际传输数据量: 1073741824 字节 (1.000 GB)
请求数量: 16384
测试持续时间: .642302531 秒

能耗测量结果:
开始能耗: 71607369358 uJ
结束能耗: 71631005955 uJ
总能耗: 23636597 uJ (23.636597 J)
----------------------------------------
测试完成时间: Thu Dec 18 01:07:19 AM CST 2025
结果已保存到: ./results/get-copier-power/get-copier_64K_freq2.8g_20251218_010717.log

