==========================================
Redis GET Copier 吞吐量和能耗测试
==========================================
测试开始时间: Thu Dec 18 01:04:19 AM CST 2025
数据大小: 16384 字节 (16K)
总数据量: 1GB (1073741824 字节)
请求数量: 65536
Copier CPU: 2
频率: 1.2 GHz
----------------------------------------
开始能耗: 67155737992 uJ
----------------------------------------
测试结果:
吞吐量: .853 GB/s
吞吐量 (requests/sec): 55965.84
实际传输数据量: 1073741824 字节 (1.000 GB)
请求数量: 65536
测试持续时间: 1.234268726 秒

能耗测量结果:
开始能耗: 67155737992 uJ
结束能耗: 67196285557 uJ
总能耗: 40547565 uJ (40.547565 J)
----------------------------------------
测试完成时间: Thu Dec 18 01:04:20 AM CST 2025
结果已保存到: ./results/get-copier-power/get-copier_16K_freq1.2g_20251218_010418.log

