==========================================
Redis GET Copier 吞吐量和能耗测试
==========================================
测试开始时间: Thu Dec 18 01:06:24 AM CST 2025
数据大小: 262144 字节 (256K)
总数据量: 1GB (1073741824 字节)
请求数量: 4096
Copier CPU: 2
频率: 2.0 GHz
----------------------------------------
开始能耗: 70140372686 uJ
----------------------------------------
测试结果:
吞吐量: 2.105 GB/s
吞吐量 (requests/sec): 8623.16
实际传输数据量: 1073741824 字节 (1.000 GB)
请求数量: 4096
测试持续时间: .536948709 秒

能耗测量结果:
开始能耗: 70140372686 uJ
结束能耗: 70156900964 uJ
总能耗: 16528278 uJ (16.528278 J)
----------------------------------------
测试完成时间: Thu Dec 18 01:06:25 AM CST 2025
结果已保存到: ./results/get-copier-power/get-copier_256K_freq2.0g_20251218_010623.log

