==========================================
Redis GET Copier 吞吐量和能耗测试
==========================================
测试开始时间: Thu Dec 18 01:06:15 AM CST 2025
数据大小: 16384 字节 (16K)
总数据量: 1GB (1073741824 字节)
请求数量: 65536
Copier CPU: 2
频率: 2.0 GHz
----------------------------------------
开始能耗: 69985978428 uJ
----------------------------------------
测试结果:
吞吐量: .884 GB/s
吞吐量 (requests/sec): 57945.18
实际传输数据量: 1073741824 字节 (1.000 GB)
请求数量: 65536
测试持续时间: 1.192932664 秒

能耗测量结果:
开始能耗: 69985978428 uJ
结束能耗: 70026127007 uJ
总能耗: 40148579 uJ (40.148579 J)
----------------------------------------
测试完成时间: Thu Dec 18 01:06:17 AM CST 2025
结果已保存到: ./results/get-copier-power/get-copier_16K_freq2.0g_20251218_010615.log

