==========================================
Redis GET Copier 吞吐量和能耗测试
==========================================
测试开始时间: Thu Dec 18 01:04:30 AM CST 2025
数据大小: 1024 字节 (1K)
总数据量: 1GB (1073741824 字节)
请求数量: 1048576
Copier CPU: 2
频率: 1.4 GHz
----------------------------------------
开始能耗: 67351518070 uJ
----------------------------------------
测试结果:
吞吐量: .091 GB/s
吞吐量 (requests/sec): 95420.51
实际传输数据量: 1073741824 字节 (1.000 GB)
请求数量: 1048576
测试持续时间: 11.051048458 秒

能耗测量结果:
开始能耗: 67351518070 uJ
结束能耗: 67727005207 uJ
总能耗: 375487137 uJ (375.487137 J)
----------------------------------------
测试完成时间: Thu Dec 18 01:04:42 AM CST 2025
结果已保存到: ./results/get-copier-power/get-copier_1K_freq1.4g_20251218_010430.log

