==========================================
Redis GET Copier 吞吐量和能耗测试
==========================================
测试开始时间: Thu Dec 18 01:07:20 AM CST 2025
数据大小: 131072 字节 (128K)
总数据量: 1GB (1073741824 字节)
请求数量: 8192
Copier CPU: 2
频率: 2.8 GHz
----------------------------------------
开始能耗: 71661069965 uJ
----------------------------------------
测试结果:
吞吐量: 1.972 GB/s
吞吐量 (requests/sec): 16157.79
实际传输数据量: 1073741824 字节 (1.000 GB)
请求数量: 8192
测试持续时间: .564040022 秒

能耗测量结果:
开始能耗: 71661069965 uJ
结束能耗: 71681761440 uJ
总能耗: 20691475 uJ (20.691475 J)
----------------------------------------
测试完成时间: Thu Dec 18 01:07:21 AM CST 2025
结果已保存到: ./results/get-copier-power/get-copier_128K_freq2.8g_20251218_010720.log

