==========================================
Redis GET Copier 吞吐量和能耗测试
==========================================
测试开始时间: Thu Dec 18 01:05:30 AM CST 2025
数据大小: 1024 字节 (1K)
总数据量: 1GB (1073741824 字节)
请求数量: 1048576
Copier CPU: 2
频率: 1.8 GHz
----------------------------------------
开始能耗: 68797373011 uJ
----------------------------------------
测试结果:
吞吐量: .093 GB/s
吞吐量 (requests/sec): 97933.69
实际传输数据量: 1073741824 字节 (1.000 GB)
请求数量: 1048576
测试持续时间: 10.767807809 秒

能耗测量结果:
开始能耗: 68797373011 uJ
结束能耗: 69163401920 uJ
总能耗: 366028909 uJ (366.028909 J)
----------------------------------------
测试完成时间: Thu Dec 18 01:05:41 AM CST 2025
结果已保存到: ./results/get-copier-power/get-copier_1K_freq1.8g_20251218_010529.log

