==========================================
Redis GET Copier 吞吐量和能耗测试
==========================================
测试开始时间: Thu Dec 18 01:06:19 AM CST 2025
数据大小: 65536 字节 (64K)
总数据量: 1GB (1073741824 字节)
请求数量: 16384
Copier CPU: 2
频率: 2.0 GHz
----------------------------------------
开始能耗: 70051700183 uJ
----------------------------------------
测试结果:
吞吐量: 1.661 GB/s
吞吐量 (requests/sec): 27215.95
实际传输数据量: 1073741824 字节 (1.000 GB)
请求数量: 16384
测试持续时间: .663812065 秒

能耗测量结果:
开始能耗: 70051700183 uJ
结束能耗: 70072782405 uJ
总能耗: 21082222 uJ (21.082222 J)
----------------------------------------
测试完成时间: Thu Dec 18 01:06:20 AM CST 2025
结果已保存到: ./results/get-copier-power/get-copier_64K_freq2.0g_20251218_010618.log

