==========================================
Redis GET Copier 吞吐量和能耗测试
==========================================
测试开始时间: Thu Dec 18 01:08:21 AM CST 2025
数据大小: 262144 字节 (256K)
总数据量: 1GB (1073741824 字节)
请求数量: 4096
Copier CPU: 2
频率: 3.3 GHz
----------------------------------------
开始能耗: 73340753348 uJ
----------------------------------------
测试结果:
吞吐量: 2.262 GB/s
吞吐量 (requests/sec): 9266.97
实际传输数据量: 1073741824 字节 (1.000 GB)
请求数量: 4096
测试持续时间: .499806149 秒

能耗测量结果:
开始能耗: 73340753348 uJ
结束能耗: 73358855779 uJ
总能耗: 18102431 uJ (18.102431 J)
----------------------------------------
测试完成时间: Thu Dec 18 01:08:22 AM CST 2025
结果已保存到: ./results/get-copier-power/get-copier_256K_freq3.3g_20251218_010821.log

