==========================================
Redis GET Copier 吞吐量和能耗测试
==========================================
测试开始时间: Thu Dec 18 01:05:59 AM CST 2025
数据大小: 1024 字节 (1K)
总数据量: 1GB (1073741824 字节)
请求数量: 1048576
Copier CPU: 2
频率: 2.0 GHz
----------------------------------------
开始能耗: 69511174712 uJ
----------------------------------------
测试结果:
吞吐量: .092 GB/s
吞吐量 (requests/sec): 97288.55
实际传输数据量: 1073741824 字节 (1.000 GB)
请求数量: 1048576
测试持续时间: 10.838062254 秒

能耗测量结果:
开始能耗: 69511174712 uJ
结束能耗: 69890054174 uJ
总能耗: 378879462 uJ (378.879462 J)
----------------------------------------
测试完成时间: Thu Dec 18 01:06:10 AM CST 2025
结果已保存到: ./results/get-copier-power/get-copier_1K_freq2.0g_20251218_010559.log

