==========================================
Redis GET Copier 吞吐量和能耗测试
==========================================
测试开始时间: Thu Dec 18 01:04:57 AM CST 2025
数据大小: 262144 字节 (256K)
总数据量: 1GB (1073741824 字节)
请求数量: 4096
Copier CPU: 2
频率: 1.4 GHz
----------------------------------------
开始能耗: 68033440091 uJ
----------------------------------------
测试结果:
吞吐量: 2.024 GB/s
吞吐量 (requests/sec): 8291.50
实际传输数据量: 1073741824 字节 (1.000 GB)
请求数量: 4096
测试持续时间: .554778507 秒

能耗测量结果:
开始能耗: 68033440091 uJ
结束能耗: 68051649578 uJ
总能耗: 18209487 uJ (18.209487 J)
----------------------------------------
测试完成时间: Thu Dec 18 01:04:58 AM CST 2025
结果已保存到: ./results/get-copier-power/get-copier_256K_freq1.4g_20251218_010457.log

