==========================================
Redis GET Copier 吞吐量和能耗测试
==========================================
测试开始时间: Thu Dec 18 01:07:47 AM CST 2025
数据大小: 65536 字节 (64K)
总数据量: 1GB (1073741824 字节)
请求数量: 16384
Copier CPU: 2
频率: 3.0 GHz
----------------------------------------
开始能耗: 72423610127 uJ
----------------------------------------
测试结果:
吞吐量: 1.715 GB/s
吞吐量 (requests/sec): 28102.92
实际传输数据量: 1073741824 字节 (1.000 GB)
请求数量: 16384
测试持续时间: .642396070 秒

能耗测量结果:
开始能耗: 72423610127 uJ
结束能耗: 72447247212 uJ
总能耗: 23637085 uJ (23.637085 J)
----------------------------------------
测试完成时间: Thu Dec 18 01:07:48 AM CST 2025
结果已保存到: ./results/get-copier-power/get-copier_64K_freq3.0g_20251218_010746.log

