==========================================
Redis GET Copier 吞吐量和能耗测试
==========================================
测试开始时间: Thu Dec 18 01:06:56 AM CST 2025
数据大小: 1024 字节 (1K)
总数据量: 1GB (1073741824 字节)
请求数量: 1048576
Copier CPU: 2
频率: 2.8 GHz
----------------------------------------
开始能耗: 70940951752 uJ
----------------------------------------
测试结果:
吞吐量: .093 GB/s
吞吐量 (requests/sec): 98162.89
实际传输数据量: 1073741824 字节 (1.000 GB)
请求数量: 1048576
测试持续时间: 10.741940765 秒

能耗测量结果:
开始能耗: 70940951752 uJ
结束能耗: 71347127836 uJ
总能耗: 406176084 uJ (406.176084 J)
----------------------------------------
测试完成时间: Thu Dec 18 01:07:07 AM CST 2025
结果已保存到: ./results/get-copier-power/get-copier_1K_freq2.8g_20251218_010656.log

