==========================================
Redis GET Copier 吞吐量和能耗测试
==========================================
测试开始时间: Thu Dec 18 01:05:13 AM CST 2025
数据大小: 4096 字节 (4K)
总数据量: 1GB (1073741824 字节)
请求数量: 262144
Copier CPU: 2
频率: 1.6 GHz
----------------------------------------
开始能耗: 68476453117 uJ
----------------------------------------
测试结果:
吞吐量: .334 GB/s
吞吐量 (requests/sec): 87702.91
实际传输数据量: 1073741824 字节 (1.000 GB)
请求数量: 262144
测试持续时间: 3.052508292 秒

能耗测量结果:
开始能耗: 68476453117 uJ
结束能耗: 68578356421 uJ
总能耗: 101903304 uJ (101.903304 J)
----------------------------------------
测试完成时间: Thu Dec 18 01:05:17 AM CST 2025
结果已保存到: ./results/get-copier-power/get-copier_4K_freq1.6g_20251218_010512.log

