==========================================
Redis GET Copier 吞吐量和能耗测试
==========================================
测试开始时间: Thu Dec 18 01:08:07 AM CST 2025
数据大小: 4096 字节 (4K)
总数据量: 1GB (1073741824 字节)
请求数量: 262144
Copier CPU: 2
频率: 3.3 GHz
----------------------------------------
开始能耗: 73018196190 uJ
----------------------------------------
测试结果:
吞吐量: .338 GB/s
吞吐量 (requests/sec): 88862.38
实际传输数据量: 1073741824 字节 (1.000 GB)
请求数量: 262144
测试持续时间: 3.008642189 秒

能耗测量结果:
开始能耗: 73018196190 uJ
结束能耗: 73131153726 uJ
总能耗: 112957536 uJ (112.957536 J)
----------------------------------------
测试完成时间: Thu Dec 18 01:08:11 AM CST 2025
结果已保存到: ./results/get-copier-power/get-copier_4K_freq3.3g_20251218_010807.log

