==========================================
Redis GET Copier 吞吐量和能耗测试
==========================================
测试开始时间: Thu Dec 18 01:07:52 AM CST 2025
数据大小: 262144 字节 (256K)
总数据量: 1GB (1073741824 字节)
请求数量: 4096
Copier CPU: 2
频率: 3.0 GHz
----------------------------------------
开始能耗: 72526950011 uJ
----------------------------------------
测试结果:
吞吐量: 2.257 GB/s
吞吐量 (requests/sec): 9246.05
实际传输数据量: 1073741824 字节 (1.000 GB)
请求数量: 4096
测试持续时间: .503156019 秒

能耗测量结果:
开始能耗: 72526950011 uJ
结束能耗: 72545190016 uJ
总能耗: 18240005 uJ (18.240005 J)
----------------------------------------
测试完成时间: Thu Dec 18 01:07:53 AM CST 2025
结果已保存到: ./results/get-copier-power/get-copier_256K_freq3.0g_20251218_010751.log

