==========================================
Redis GET Copier 吞吐量和能耗测试
==========================================
测试开始时间: Thu Dec 18 01:06:48 AM CST 2025
数据大小: 65536 字节 (64K)
总数据量: 1GB (1073741824 字节)
请求数量: 16384
Copier CPU: 2
频率: 2.4 GHz
----------------------------------------
开始能耗: 70801816854 uJ
----------------------------------------
测试结果:
吞吐量: 1.683 GB/s
吞吐量 (requests/sec): 27582.49
实际传输数据量: 1073741824 字节 (1.000 GB)
请求数量: 16384
测试持续时间: .652442953 秒

能耗测量结果:
开始能耗: 70801816854 uJ
结束能耗: 70823385403 uJ
总能耗: 21568549 uJ (21.568549 J)
----------------------------------------
测试完成时间: Thu Dec 18 01:06:49 AM CST 2025
结果已保存到: ./results/get-copier-power/get-copier_64K_freq2.4g_20251218_010647.log

