==========================================
Redis GET Copier 吞吐量和能耗测试
==========================================
测试开始时间: Thu Dec 18 01:05:27 AM CST 2025
数据大小: 262144 字节 (256K)
总数据量: 1GB (1073741824 字节)
请求数量: 4096
Copier CPU: 2
频率: 1.6 GHz
----------------------------------------
开始能耗: 68753963943 uJ
----------------------------------------
测试结果:
吞吐量: 2.079 GB/s
吞吐量 (requests/sec): 8515.59
实际传输数据量: 1073741824 字节 (1.000 GB)
请求数量: 4096
测试持续时间: .540709009 秒

能耗测量结果:
开始能耗: 68753963943 uJ
结束能耗: 68770098179 uJ
总能耗: 16134236 uJ (16.134236 J)
----------------------------------------
测试完成时间: Thu Dec 18 01:05:28 AM CST 2025
结果已保存到: ./results/get-copier-power/get-copier_256K_freq1.6g_20251218_010526.log

